------config---------
robotname	ibuki
driveunits	50
------defaults-------
1	_SHOULDER_RIGHT_PITCH	200	999	
2	_SHOULDER_LEFT_PITCH	50	800
3	_NECK_UNIQUE_ROLL	383	583
4	_NECK_UNIQUE_YAW	350	650
5	_NECK_UNIQUE_PITCH	410	610
6	_ARML_UPPER_ROLL	10	990
7	_ARML_UPPER_YAW	200	700
8	_ARML_MIDDLE_PITCH	420	900
9	_ARML_MIDDLE_YAW	265	750
10	_ARML_EDGE_ROLL	250	750
11	_ARMR_UPPER_ROLL	200	600
12	_ARMR_UPPER_YAW	250	670
13	_ARMR_MIDDLE_PITCH	0	500
14	_ARMR_MIDDLE_YAW	300	800
15	_ARMR_EDGE_ROLL	250	800
16	_HANDL_THUMB_PITCH	100	900
17	_HANDL_INDEX_PITCH	100	900
18	_HANDL_MIDDLE_PITCH	100	900
19	_HANDL_RING_PITCH	100	900
20	_HANDL_LITTLE_PITCH	100	900
21	_HANDR_THUMB_PITCH	100	900
22	_HANDR_INDEX_PITCH	100	900
23	_HANDR_MIDDLE_PITCH	100	900
24	_HANDR_RING_PITCH	100	900
25	_HANDR_LITTLE_PITCH	100	900
26	_HEADL_OPHRYON_VERT	350	465
27	_HEADL_EYELID_UP	300	600
28	_HEADL_EYELID_DOWN	250	600
29	_HEADL_FACER_TENSE	400	500
30	_HEADL_FACEL_TENSE	473	600
31	_HEADC_EYEBROWR_VERT	350	443
32	_HEADC_EYEBROWL_VERT	530	620
33	_HEADC_EYER_YAW	412	565
34	_HEADC_EYEL_YAW	407	560
35	_HEADC_EYES_PITCH	100	700
36	_HEADR_LIPUP_REACH	-1	-1
37	_HEADR_LIPDOWN_REACH	-1	-1
38	_HEADR_MOUTHR_OPEN	-1	-1
39	_HEADR_MOUTHL_OPEN	-1	-1
40	_HEADR_CHIN_ROLL	465	500
41	_HIP_UNIQUE_PITCH	300	700
42	_HIP_UNIQUE_ROLL	300	700
43	_HIP_UNIQUE_YAW	300	700
44	_HIP_NULL_NULL	-1	-1
45	_HIP_NULL_NULL	-1	-1
46	_WHEEL_UNIQUE_VERT	200	700
47	_WHEEL_UNIQUE_STEEL	0	999
48	_WHEEL_UNIQUE_SPEED	0	999
49	_WHEEL_UNIQUE_BREAK	0	999
50	_WHEEL_NULL_NULL	0	999
